C:\Users\wuan1\IdeaProjects\basebackend\basebackend-common\src\main\java\com\basebackend\common\constant\CommonConstants.java
C:\Users\wuan1\IdeaProjects\basebackend\basebackend-common\src\main\java\com\basebackend\common\security\SecretRotationEvent.java
C:\Users\wuan1\IdeaProjects\basebackend\basebackend-common\src\main\java\com\basebackend\common\model\PageResult.java
C:\Users\wuan1\IdeaProjects\basebackend\basebackend-common\src\main\java\com\basebackend\common\util\NacosUtils.java
C:\Users\wuan1\IdeaProjects\basebackend\basebackend-common\src\main\java\com\basebackend\common\security\SecretRotationListener.java
C:\Users\wuan1\IdeaProjects\basebackend\basebackend-common\src\main\java\com\basebackend\common\security\SecretManagerConfiguration.java
C:\Users\wuan1\IdeaProjects\basebackend\basebackend-common\src\main\java\com\basebackend\common\enums\StatusEnum.java
C:\Users\wuan1\IdeaProjects\basebackend\basebackend-common\src\main\java\com\basebackend\common\validation\SafeString.java
C:\Users\wuan1\IdeaProjects\basebackend\basebackend-common\src\main\java\com\basebackend\common\model\Result.java
C:\Users\wuan1\IdeaProjects\basebackend\basebackend-common\src\main\java\com\basebackend\common\security\SecretManagerProperties.java
C:\Users\wuan1\IdeaProjects\basebackend\basebackend-common\src\main\java\com\basebackend\common\util\SanitizationUtils.java
C:\Users\wuan1\IdeaProjects\basebackend\basebackend-common\src\main\java\com\basebackend\common\exception\BusinessException.java
C:\Users\wuan1\IdeaProjects\basebackend\basebackend-common\src\main\java\com\basebackend\common\security\SecretManager.java
C:\Users\wuan1\IdeaProjects\basebackend\basebackend-common\src\main\java\com\basebackend\common\validation\SafeStringValidator.java
